// Jest Snapshot v1, https://goo.gl/fbAQLP

exports[`match home snapshot 1`] = `
<div
  className="cal-wrapper"
>
  <p
    className="cal-text"
  >
    Let us do some math
  </p>
  <section
    className="calculator-container flex-row"
  >
    <div
      className="output-container flex-row"
    >
      <div
        className="output"
      >
        <p>
          0
        </p>
        <p />
        <p />
      </div>
    </div>
    <div
      className="gray-container flex-row"
    >
      <button
        className="gray-button"
        name="AC"
        onClick={[Function]}
        type="button"
      >
        AC
      </button>
      <button
        className="gray-button"
        name="+/-"
        onClick={[Function]}
        type="button"
      >
        +/-
      </button>
      <button
        className="gray-button"
        name="%"
        onClick={[Function]}
        type="button"
      >
        %
      </button>
      <button
        className="gray-button"
        name="7"
        onClick={[Function]}
        type="button"
      >
        7
      </button>
      <button
        className="gray-button"
        name="8"
        onClick={[Function]}
        type="button"
      >
        8
      </button>
      <button
        className="gray-button"
        name="9"
        onClick={[Function]}
        type="button"
      >
        9
      </button>
      <button
        className="gray-button"
        name="4"
        onClick={[Function]}
        type="button"
      >
        4
      </button>
      <button
        className="gray-button"
        name="5"
        onClick={[Function]}
        type="button"
      >
        5
      </button>
      <button
        className="gray-button"
        name="6"
        onClick={[Function]}
        type="button"
      >
        6
      </button>
      <button
        className="gray-button"
        name="1"
        onClick={[Function]}
        type="button"
      >
        1
      </button>
      <button
        className="gray-button"
        name="2"
        onClick={[Function]}
        type="button"
      >
        2
      </button>
      <button
        className="gray-button"
        name="3"
        onClick={[Function]}
        type="button"
      >
        3
      </button>
      <button
        className="gray-button zero"
        name="0"
        onClick={[Function]}
        type="button"
      >
        0
      </button>
      <button
        className="gray-button"
        name="."
        onClick={[Function]}
        type="button"
      >
        .
      </button>
    </div>
    <div
      className="orange-container flex-col"
    >
      <button
        className="orange-button"
        name="รท"
        onClick={[Function]}
        type="button"
      >
        รท
      </button>
      <button
        className="orange-button"
        name="x"
        onClick={[Function]}
        type="button"
      >
        x
      </button>
      <button
        className="orange-button"
        name="-"
        onClick={[Function]}
        type="button"
      >
        -
      </button>
      <button
        className="orange-button"
        name="+"
        onClick={[Function]}
        type="button"
      >
        +
      </button>
      <button
        className="orange-button"
        name="="
        onClick={[Function]}
        type="button"
      >
        =
      </button>
    </div>
  </section>
</div>
`;
