// Jest Snapshot v1, https://goo.gl/fbAQLP

exports[`match home snapshot 1`] = `
<div>
  <p
    className="quote"
  >
    Mathematics is not about numbers, equations, computations, or algorithms: It is about understanding. - William Paul Thurston
  </p>
</div>
`;
